[      78ms] [WARNING] document.domain mutation is ignored because the surrounding agent cluster is origin-keyed. @ https://exmail.qq.com/cgi-bin/frame_html:3
[      78ms] [WARNING] document.domain mutation is ignored because the surrounding agent cluster is origin-keyed. @ https://rescdn.qqmail.com/bizmail/zh_CN/htmledition/js_biz/all7e1bf3.js:0
[      79ms] [ERROR] Permissions policy violation: unload is not allowed in this document. @ https://rescdn.qqmail.com/bizmail/zh_CN/htmledition/js_biz/all7e1bf3.js:0
[     267ms] [LOG] [Risky function] global.js loaded! @ https://rescdn.qqmail.com/bizmail/zh_CN/htmledition/js_biz/global7fa051.js:0
[     270ms] [WARNING] document.domain mutation is ignored because the surrounding agent cluster is origin-keyed. @ https://rescdn.qqmail.com/bizmail/zh_CN/htmledition/js_biz/all7e1bf3.js:0
[     273ms] [WARNING] A parser-blocking, cross site (i.e. different eTLD+1) script, https://rescdn.qqmail.com/bizmail/zh_CN/htmledition/js_biz/safeauth527dd7.js?0.05197314153600141, is invoked via document.write. The network request for this script MAY be blocked by the browser in this or a future page load due to poor network connectivity. If blocked in this page load, it will be confirmed in a subsequent console message. See https://www.chromestatus.com/feature/5718547946799104 for more details. @ https://rescdn.qqmail.com/bizmail/zh_CN/htmledition/js_biz/global7fa051.js:0
[     302ms] [ERROR] Permissions policy violation: unload is not allowed in this document. @ https://exmail.qq.com/cgi-bin/loginpage?s=session_timeout&from=&r=6f36352c7fbc2fc8f6389f715ec1b923:55
[     304ms] [WARNING] document.domain mutation is ignored because the surrounding agent cluster is origin-keyed. @ https://rescdn.qqmail.com/bizmail/zh_CN/htmledition/js_biz/newlogin/login7d7d35.js:0
[     306ms] [VERBOSE] [DOM] Input elements should have autocomplete attributes (suggested: "current-password"): (More info: https://goo.gl/9p2vKq) %o @ https://exmail.qq.com/cgi-bin/loginpage?s=session_timeout&from=&r=6f36352c7fbc2fc8f6389f715ec1b923:0
[     309ms] [ERROR] Connecting to 'https://www.google-analytics.com/j/collect?v=1&_v=j102&a=962930999&t=pageview&_s=1&dl=https%3A%2F%2Fexmail.qq.com%2Fcgi-bin%2Floginpage%3Fs%3Dsession_timeout%26from%3D%26r%3D6f36352c7fbc2fc8f6389f715ec1b923&ul=zh-cn&dt=%E8%85%BE%E8%AE%AF%E4%BC%81%E4%B8%9A%E9%82%AE%E7%AE%B1-%E7%99%BB%E5%BD%95%E5%85%A5%E5%8F%A3&sr=1707x1067&vp=1036x905&_u=AACAAAABAAAAACAAI~&jid=&gjid=&cid=1475466543.1789547397&tid=UA-43277770-1&_gid=994094815.1789547397&_slc=1&z=151144708' violates the following Content Security Policy directive: "connect-src 'self' https://cube.weixinbridge.com https://report.url.cn https://rescdn.qqmail.com http://rescdn.qqmail.com". The action has been blocked. @ https://www.google-analytics.com/analytics.js:45
[     344ms] [ERROR] Permissions policy violation: unload is not allowed in this document. @ https://rescdn.qqmail.com/node/qy/qymng/js/_$$_3rd/es5-shim.min$d2c7f6f1.js,3rd/promise$fe11979e.js,modules/jquery/jquery/1.11.3/jquery.min$3b410919.js:87
[     347ms] [WARNING] document.domain mutation is ignored because the surrounding agent cluster is origin-keyed. @ https://exmail.qq.com/qy_mng_logic/wwlogin/login_qrcode?styleType=20230316&login_type=ww_login:971
[     348ms] [WARNING] document.domain mutation is ignored because the surrounding agent cluster is origin-keyed. @ https://rescdn.qqmail.com/node/qy/qymng/js/wework_login/wework_login$9aca1e46.js:6
[     351ms] [ERROR] Permissions policy violation: unload is not allowed in this document. @ https://rescdn.qqmail.com/node/qy/qymng/js/_$$_3rd/es5-shim.min$d2c7f6f1.js,3rd/promise$fe11979e.js,modules/jquery/jquery/1.11.3/jquery.min$3b410919.js:87
[     354ms] [WARNING] document.domain mutation is ignored because the surrounding agent cluster is origin-keyed. @ https://exmail.qq.com/qy_mng_logic/wwlogin/login_qrcode?styleType=20230317&login_type=wx_login:971
[     355ms] [WARNING] document.domain mutation is ignored because the surrounding agent cluster is origin-keyed. @ https://rescdn.qqmail.com/node/qy/qymng/js/wework_login/wework_login$9aca1e46.js:6
[     411ms] [ERROR] Permissions policy violation: unload is not allowed in this document. @ https://hm.baidu.com/hm.js?bdfb0d7298c0c5a5a2475c291ac7aca2:1
[     411ms] [ERROR] Permissions policy violation: unload is not allowed in this document. @ https://hm.baidu.com/hm.js?bdfb0d7298c0c5a5a2475c291ac7aca2:1
[    1312ms] [LOG] [Risky function] global.js loaded! @ https://rescdn.qqmail.com/bizmail/zh_CN/htmledition/js_biz/global7fa051.js:0
[    1312ms] [LOG] [domain2.html] loaded: false, exmail.qq.com @ https://exmail.qq.com/cgi-bin/readtemplate?t=domain2&cbname=1&cbid=9:4
[    1312ms] [WARNING] document.domain mutation is ignored because the surrounding agent cluster is origin-keyed. @ https://exmail.qq.com/cgi-bin/readtemplate?t=domain2&cbname=1&cbid=9:6
[    1312ms] [LOG] [domain2] has id @ https://exmail.qq.com/cgi-bin/readtemplate?t=domain2&cbname=1&cbid=9:124
[    1314ms] [ERROR] Executing inline event handler violates the following Content Security Policy directive 'script-src 'self' https://*.mail.qq.com https://*.weixin.qq.com https://*.qqmail.com http://*.mail.qq.com http://*.weixin.qq.com http://*.qqmail.com https://captcha.gtimg.com https://*.captcha.qq.com https://res.wx.qq.com 'nonce-323341051''. Either the 'unsafe-inline' keyword, a hash ('sha256-...'), or a nonce ('nonce-...') is required to enable inline execution. Note that hashes do not apply to event handlers, style attributes and javascript: navigations unless the 'unsafe-hashes' keyword is present. The action has been blocked. @ https://exmail.qq.com/cgi-bin/loginpage?s=session_timeout&from=&r=6f36352c7fbc2fc8f6389f715ec1b923:0
[    1314ms] [LOG] [domain2.html] iframe addEventListener load, callback: true @ https://exmail.qq.com/cgi-bin/readtemplate?t=domain2&cbname=1&cbid=9:98
[    1314ms] [LOG] [domain2.html] do callback _creAteifRAmeoNlQAd_ callbackid iframe_distributeDomain_proxy_ @ https://exmail.qq.com/cgi-bin/readtemplate?t=domain2&cbname=1&cbid=9:112
[   29759ms] [LOG] [Risky function] global.js loaded! @ https://rescdn.qqmail.com/bizmail/zh_CN/htmledition/js_biz/global7fa051.js:0
[   30412ms] [WARNING] document.domain mutation is ignored because the surrounding agent cluster is origin-keyed. @ https://exmail.qq.com/cgi-bin/frame_html?sid=MQhdT5P8m5M45Vc9,2&sign_type=&r=f27ffbe884ce686d7894e5bbb5428373:9
[   30647ms] [WARNING] A parser-blocking, cross site (i.e. different eTLD+1) script, https://rescdn.qqmail.com/bizmail/zh_CN/htmledition/js_biz/all7e1bf3.js, is invoked via document.write. The network request for this script MAY be blocked by the browser in this or a future page load due to poor network connectivity. If blocked in this page load, it will be confirmed in a subsequent console message. See https://www.chromestatus.com/feature/5718547946799104 for more details. @ https://exmail.qq.com/cgi-bin/frame_html?sid=MQhdT5P8m5M45Vc9,2&sign_type=&r=f27ffbe884ce686d7894e5bbb5428373:155
[   30647ms] [WARNING] A parser-blocking, cross site (i.e. different eTLD+1) script, https://rescdn.qqmail.com/bizmail/zh_CN/htmledition/js_biz/all7e1bf3.js, is invoked via document.write. The network request for this script MAY be blocked by the browser in this or a future page load due to poor network connectivity. If blocked in this page load, it will be confirmed in a subsequent console message. See https://www.chromestatus.com/feature/5718547946799104 for more details. @ https://exmail.qq.com/cgi-bin/frame_html?sid=MQhdT5P8m5M45Vc9,2&sign_type=&r=f27ffbe884ce686d7894e5bbb5428373:155
[   30647ms] [WARNING] A parser-blocking, cross site (i.e. different eTLD+1) script, https://rescdn.qqmail.com/bizmail/zh_CN/htmledition/js_biz/qmtool7d9ff5.js, is invoked via document.write. The network request for this script MAY be blocked by the browser in this or a future page load due to poor network connectivity. If blocked in this page load, it will be confirmed in a subsequent console message. See https://www.chromestatus.com/feature/5718547946799104 for more details. @ https://exmail.qq.com/cgi-bin/frame_html?sid=MQhdT5P8m5M45Vc9,2&sign_type=&r=f27ffbe884ce686d7894e5bbb5428373:155
[   30648ms] [WARNING] document.domain mutation is ignored because the surrounding agent cluster is origin-keyed. @ https://rescdn.qqmail.com/bizmail/zh_CN/htmledition/js_biz/all7e1bf3.js:0
[   30648ms] [ERROR] Permissions policy violation: unload is not allowed in this document. @ https://rescdn.qqmail.com/bizmail/zh_CN/htmledition/js_biz/all7e1bf3.js:0
[   30649ms] [WARNING] document.domain mutation is ignored because the surrounding agent cluster is origin-keyed. @ https://rescdn.qqmail.com/bizmail/zh_CN/htmledition/js_biz/qmtool7d9ff5.js:0
[   30651ms] [LOG] QMJsConlog load error @ https://rescdn.qqmail.com/bizmail/zh_CN/htmledition/js_biz/qmtool7d9ff5.js:0
[   30686ms] [LOG] [Risky function] global.js loaded! @ https://rescdn.qqmail.com/bizmail/zh_CN/htmledition/js_biz/global7fa051.js:0
[   30686ms] [LOG] [domain2.html] loaded: false, exmail.qq.com @ https://exmail.qq.com/cgi-bin/readtemplate?t=domain2&sid=MQhdT5P8m5M45Vc9,2&defcss=false&cbname=1&cbid=1:8
[   30686ms] [WARNING] document.domain mutation is ignored because the surrounding agent cluster is origin-keyed. @ https://exmail.qq.com/cgi-bin/readtemplate?t=domain2&sid=MQhdT5P8m5M45Vc9,2&defcss=false&cbname=1&cbid=1:10
[   30686ms] [LOG] [domain2] has id @ https://exmail.qq.com/cgi-bin/readtemplate?t=domain2&sid=MQhdT5P8m5M45Vc9,2&defcss=false&cbname=1&cbid=1:128
[   30687ms] [LOG] [domain2.html] iframe addEventListener load, callback: true @ https://exmail.qq.com/cgi-bin/readtemplate?t=domain2&sid=MQhdT5P8m5M45Vc9,2&defcss=false&cbname=1&cbid=1:102
[   31017ms] [LOG] [Risky function] global.js loaded! @ https://rescdn.qqmail.com/bizmail/zh_CN/htmledition/js_biz/global7fa051.js:0
[   31018ms] [WARNING] document.domain mutation is ignored because the surrounding agent cluster is origin-keyed. @ https://exmail.qq.com/cgi-bin/folderlist?sid=MQhdT5P8m5M45Vc9,2&scode=:10
[   31177ms] [LOG] [Risky function] global.js loaded! @ https://rescdn.qqmail.com/bizmail/zh_CN/htmledition/js_biz/global7fa051.js:0
[   31177ms] [WARNING] document.domain mutation is ignored because the surrounding agent cluster is origin-keyed. @ https://exmail.qq.com/cgi-bin/today?sid=MQhdT5P8m5M45Vc9,2&nocheckframe=true:10
[   31178ms] [ERROR] Permissions policy violation: unload is not allowed in this document. @ https://rescdn.qqmail.com/bizmail/zh_CN/htmledition/js_biz/all7e1bf3.js:0
[   31322ms] [LOG] [Risky function] global.js loaded! @ https://rescdn.qqmail.com/bizmail/zh_CN/htmledition/js_biz/global7fa051.js:0
[   31322ms] [LOG] [domain2.html] loaded: false, exmail.qq.com @ https://exmail.qq.com/cgi-bin/readtemplate?t=domain2&sid=MQhdT5P8m5M45Vc9,2&cbname=1&cbid=9:8
[   31322ms] [WARNING] document.domain mutation is ignored because the surrounding agent cluster is origin-keyed. @ https://exmail.qq.com/cgi-bin/readtemplate?t=domain2&sid=MQhdT5P8m5M45Vc9,2&cbname=1&cbid=9:10
[   31322ms] [LOG] [domain2] has id @ https://exmail.qq.com/cgi-bin/readtemplate?t=domain2&sid=MQhdT5P8m5M45Vc9,2&cbname=1&cbid=9:128
[   31323ms] [LOG] [domain2.html] iframe addEventListener load, callback: true @ https://exmail.qq.com/cgi-bin/readtemplate?t=domain2&sid=MQhdT5P8m5M45Vc9,2&cbname=1&cbid=9:102
[   34323ms] [WARNING] document.domain mutation is ignored because the surrounding agent cluster is origin-keyed. @ https://exmail.qq.com/zh_CN/htmledition/domain_admin.html?exmail.qq.com&v=110701:3
[   34327ms] [LOG] [Risky function] global.js loaded! @ https://rescdn.qqmail.com/bizmail/zh_CN/htmledition/js_biz/global7fa051.js:0
[   34327ms] [LOG] [domain2.html] loaded: false, exmail.qq.com @ https://exmail.qq.com/cgi-bin/readtemplate?t=domain2&sid=MQhdT5P8m5M45Vc9,2&cbname=1&cbid=3:8
[   34327ms] [WARNING] document.domain mutation is ignored because the surrounding agent cluster is origin-keyed. @ https://exmail.qq.com/cgi-bin/readtemplate?t=domain2&sid=MQhdT5P8m5M45Vc9,2&cbname=1&cbid=3:10
[   34327ms] [LOG] [domain2] has id @ https://exmail.qq.com/cgi-bin/readtemplate?t=domain2&sid=MQhdT5P8m5M45Vc9,2&cbname=1&cbid=3:128
[   34329ms] [LOG] [domain2.html] iframe addEventListener load, callback: true @ https://exmail.qq.com/cgi-bin/readtemplate?t=domain2&sid=MQhdT5P8m5M45Vc9,2&cbname=1&cbid=3:102
[   84084ms] [LOG] [Risky function] global.js loaded! @ https://rescdn.qqmail.com/bizmail/zh_CN/htmledition/js_biz/global7fa051.js:0
[   84085ms] [WARNING] document.domain mutation is ignored because the surrounding agent cluster is origin-keyed. @ https://exmail.qq.com/cgi-bin/mail_list?sid=MQhdT5P8m5M45Vc9,2&folderid=1&page=0&s=inbox&loc=folderlist,,,1:10
[   84085ms] [ERROR] Permissions policy violation: unload is not allowed in this document. @ https://rescdn.qqmail.com/bizmail/zh_CN/htmledition/js_biz/all7e1bf3.js:0
[   85358ms] [ERROR] Permissions policy violation: unload is not allowed in this document. @ https://rescdn.qqmail.com/bizmail/zh_CN/htmledition/js_biz/all7e1bf3.js:0
[   85400ms] [ERROR] Permissions policy violation: unload is not allowed in this document. @ https://rescdn.qqmail.com/bizmail/zh_CN/htmledition/js_biz/modules/jquery/jquery/1.11.3/jquery.min5d902b.js:0
[   86520ms] [LOG] [Risky function] global.js loaded! @ https://rescdn.qqmail.com/bizmail/zh_CN/htmledition/js_biz/global7fa051.js:0
[   86520ms] [LOG] [domain2.html] loaded: false, exmail.qq.com @ https://exmail.qq.com/cgi-bin/readtemplate?t=domain2&sid=MQhdT5P8m5M45Vc9,2&preloadmail=folderid%3D1%26t%3Dreadmail%26mailid%3DZC0016-QXiohloJNj6U7V81WVQ3C0l%26mode%3Dpre%26maxage%3D3600%26base%3D10.4410%26ver%3D17471%26sid%3DMQhdT5P8m5M45Vc9%2C2&cbname=1&cbid=10:8
[   86520ms] [WARNING] document.domain mutation is ignored because the surrounding agent cluster is origin-keyed. @ https://exmail.qq.com/cgi-bin/readtemplate?t=domain2&sid=MQhdT5P8m5M45Vc9,2&preloadmail=folderid%3D1%26t%3Dreadmail%26mailid%3DZC0016-QXiohloJNj6U7V81WVQ3C0l%26mode%3Dpre%26maxage%3D3600%26base%3D10.4410%26ver%3D17471%26sid%3DMQhdT5P8m5M45Vc9%2C2&cbname=1&cbid=10:10
[   86520ms] [LOG] [domain2] has id @ https://exmail.qq.com/cgi-bin/readtemplate?t=domain2&sid=MQhdT5P8m5M45Vc9,2&preloadmail=folderid%3D1%26t%3Dreadmail%26mailid%3DZC0016-QXiohloJNj6U7V81WVQ3C0l%26mode%3Dpre%26maxage%3D3600%26base%3D10.4410%26ver%3D17471%26sid%3DMQhdT5P8m5M45Vc9%2C2&cbname=1&cbid=10:128
[   86577ms] [LOG] [domain2.html] iframe addEventListener load, callback: true @ https://exmail.qq.com/cgi-bin/readtemplate?t=domain2&sid=MQhdT5P8m5M45Vc9,2&preloadmail=folderid%3D1%26t%3Dreadmail%26mailid%3DZC0016-QXiohloJNj6U7V81WVQ3C0l%26mode%3Dpre%26maxage%3D3600%26base%3D10.4410%26ver%3D17471%26sid%3DMQhdT5P8m5M45Vc9%2C2&cbname=1&cbid=10:102
[  131625ms] [LOG] [Risky function] global.js loaded! @ https://rescdn.qqmail.com/bizmail/zh_CN/htmledition/js_biz/global7fa051.js:0
[  131625ms] [WARNING] document.domain mutation is ignored because the surrounding agent cluster is origin-keyed. @ https://exmail.qq.com/cgi-bin/readmail?folderid=1&t=readmail&mailid=ZC0016-2OEm7TFoOzOZ1GYMWYG4S0l&mode=pre&maxage=3600&base=10.4410&ver=18999&sid=MQhdT5P8m5M45Vc9,2&show_ww_icon=false:10
[  131625ms] [ERROR] Permissions policy violation: unload is not allowed in this document. @ https://rescdn.qqmail.com/bizmail/zh_CN/htmledition/js_biz/all7e1bf3.js:0
[  133049ms] [ERROR] Permissions policy violation: unload is not allowed in this document. @ https://rescdn.qqmail.com/bizmail/zh_CN/htmledition/js_biz/modules/jquery/jquery/1.11.3/jquery.min5d902b.js:0
[  133351ms] [LOG] match url: 682989 682989 @ https://rescdn.qqmail.com/bizmail/zh_CN/htmledition/js_biz/all7e1bf3.js:0
[  133351ms] [LOG] match url: 026 026 @ https://rescdn.qqmail.com/bizmail/zh_CN/htmledition/js_biz/all7e1bf3.js:0
[  133351ms] [LOG] match url: 16 16 @ https://rescdn.qqmail.com/bizmail/zh_CN/htmledition/js_biz/all7e1bf3.js:0
[  133352ms] [LOG] match url: 63 63 @ https://rescdn.qqmail.com/bizmail/zh_CN/htmledition/js_biz/all7e1bf3.js:0
[  133352ms] [LOG] match url: 210023 210023 @ https://rescdn.qqmail.com/bizmail/zh_CN/htmledition/js_biz/all7e1bf3.js:0
[  133352ms] [LOG] match url: 86 86 @ https://rescdn.qqmail.com/bizmail/zh_CN/htmledition/js_biz/all7e1bf3.js:0
[  133352ms] [LOG] match url: 25 25 @ https://rescdn.qqmail.com/bizmail/zh_CN/htmledition/js_biz/all7e1bf3.js:0
[  133352ms] [LOG] match url: 682989 682989 @ https://rescdn.qqmail.com/bizmail/zh_CN/htmledition/js_biz/all7e1bf3.js:0
[  133353ms] [LOG] match url: 1180086 1180086 @ https://rescdn.qqmail.com/bizmail/zh_CN/htmledition/js_biz/all7e1bf3.js:0
[  133353ms] [LOG] match url: 1180086 1180086 @ https://rescdn.qqmail.com/bizmail/zh_CN/htmledition/js_biz/all7e1bf3.js:0
[  133353ms] [LOG] match url: 16 16 @ https://rescdn.qqmail.com/bizmail/zh_CN/htmledition/js_biz/all7e1bf3.js:0
[  133354ms] [LOG] match url: 026 026 @ https://rescdn.qqmail.com/bizmail/zh_CN/htmledition/js_biz/all7e1bf3.js:0
[  133354ms] [LOG] match url: 42 42 @ https://rescdn.qqmail.com/bizmail/zh_CN/htmledition/js_biz/all7e1bf3.js:0
[  133354ms] [LOG] match url: 025 025 @ https://rescdn.qqmail.com/bizmail/zh_CN/htmledition/js_biz/all7e1bf3.js:0
[  133354ms] [LOG] match url: 025 025 @ https://rescdn.qqmail.com/bizmail/zh_CN/htmledition/js_biz/all7e1bf3.js:0
[  133354ms] [LOG] match url: 025 025 @ https://rescdn.qqmail.com/bizmail/zh_CN/htmledition/js_biz/all7e1bf3.js:0
[  133354ms] [LOG] match url: 027 027 @ https://rescdn.qqmail.com/bizmail/zh_CN/htmledition/js_biz/all7e1bf3.js:0
[  133354ms] [LOG] match url: 025 025 @ https://rescdn.qqmail.com/bizmail/zh_CN/htmledition/js_biz/all7e1bf3.js:0
[  133354ms] [LOG] match url: 027 027 @ https://rescdn.qqmail.com/bizmail/zh_CN/htmledition/js_biz/all7e1bf3.js:0
[  133354ms] [LOG] match url: 028 028 @ https://rescdn.qqmail.com/bizmail/zh_CN/htmledition/js_biz/all7e1bf3.js:0
[  133354ms] [LOG] match url: 027 027 @ https://rescdn.qqmail.com/bizmail/zh_CN/htmledition/js_biz/all7e1bf3.js:0
[  133354ms] [LOG] match url: 18060110 18060110 @ https://rescdn.qqmail.com/bizmail/zh_CN/htmledition/js_biz/all7e1bf3.js:0
[  133354ms] [LOG] match url: 025 025 @ https://rescdn.qqmail.com/bizmail/zh_CN/htmledition/js_biz/all7e1bf3.js:0
[  133354ms] [LOG] match url: 025 025 @ https://rescdn.qqmail.com/bizmail/zh_CN/htmledition/js_biz/all7e1bf3.js:0
[  133354ms] [LOG] match url: 1180086 1180086 @ https://rescdn.qqmail.com/bizmail/zh_CN/htmledition/js_biz/all7e1bf3.js:0
[  133708ms] [ERROR] Permissions policy violation: unload is not allowed in this document. @ https://rescdn.qqmail.com/bizmail/zh_CN/htmledition/js_biz/all7e1bf3.js:0
[  258096ms] [LOG] [Risky function] global.js loaded! @ https://rescdn.qqmail.com/bizmail/zh_CN/htmledition/js_biz/global7fa051.js:0
[  258096ms] [WARNING] document.domain mutation is ignored because the surrounding agent cluster is origin-keyed. @ https://exmail.qq.com/cgi-bin/readmail?sid=MQhdT5P8m5M45Vc9,2&mailid=ZC0016-2OEm7TFoOzOZ1GYMWYG4S0l&t=compose&s=reply&disptype=html&currentReadMailID=ZC0016-2OEm7TFoOzOZ1GYMWYG4S0l&currentReadMailSendTime=1789552599&st_replytime=124296:10
[  258096ms] [ERROR] Permissions policy violation: unload is not allowed in this document. @ https://rescdn.qqmail.com/bizmail/zh_CN/htmledition/js_biz/all7e1bf3.js:0
[  258098ms] [LOG] version_match: true 7e1bf3 7e1bf3 7e1bf3 7e1bf3 @ https://exmail.qq.com/cgi-bin/readmail?sid=MQhdT5P8m5M45Vc9,2&mailid=ZC0016-2OEm7TFoOzOZ1GYMWYG4S0l&t=compose&s=reply&disptype=html&currentReadMailID=ZC0016-2OEm7TFoOzOZ1GYMWYG4S0l&currentReadMailSendTime=1789552599&st_replytime=124296:44
[  258108ms] [ERROR] Permissions policy violation: unload is not allowed in this document. @ https://rescdn.qqmail.com/bizmail/zh_CN/htmledition/js_biz/home/lib/jquery-1.11.0.min462fc5.js:352
[  258366ms] [ERROR] Running the JavaScript URL violates the following Content Security Policy directive 'script-src-elem 'self' https://*.mail.qq.com https://*.weixin.qq.com https://*.qqmail.com http://*.mail.qq.com http://*.weixin.qq.com http://*.qqmail.com https://captcha.gtimg.com https://*.captcha.qq.com https://res.wx.qq.com 'nonce-3360137242''. Either the 'unsafe-inline' keyword, a hash ('sha256-...'), or a nonce ('nonce-...') is required to enable inline execution. Note that hashes do not apply to event handlers, style attributes and javascript: navigations unless the 'unsafe-hashes' keyword is present. The action has been blocked. @ https://exmail.qq.com/cgi-bin/readmail?sid=MQhdT5P8m5M45Vc9,2&mailid=ZC0016-2OEm7TFoOzOZ1GYMWYG4S0l&t=compose&s=reply&disptype=html&currentReadMailID=ZC0016-2OEm7TFoOzOZ1GYMWYG4S0l&currentReadMailSendTime=1789552599&st_replytime=124296:0
[  258395ms] [ERROR] Permissions policy violation: unload is not allowed in this document. @ https://rescdn.qqmail.com/bizmail/zh_CN/htmledition/js_biz/all7e1bf3.js:0
[  258395ms] [ERROR] Permissions policy violation: unload is not allowed in this document. @ https://rescdn.qqmail.com/bizmail/zh_CN/htmledition/js_biz/all7e1bf3.js:0
[  258396ms] [ERROR] Permissions policy violation: unload is not allowed in this document. @ https://rescdn.qqmail.com/bizmail/zh_CN/htmledition/js_biz/all7e1bf3.js:0
[  258593ms] [LOG] [Risky function] global.js loaded! @ https://rescdn.qqmail.com/bizmail/zh_CN/htmledition/js_biz/global7fa051.js:0
[  258593ms] [LOG] [domain2.html] loaded: false, exmail.qq.com @ https://exmail.qq.com/cgi-bin/readtemplate?t=domain2&sid=MQhdT5P8m5M45Vc9,2&defcss=false&cbname=1&cbid=2:8
[  258593ms] [WARNING] document.domain mutation is ignored because the surrounding agent cluster is origin-keyed. @ https://exmail.qq.com/cgi-bin/readtemplate?t=domain2&sid=MQhdT5P8m5M45Vc9,2&defcss=false&cbname=1&cbid=2:10
[  258593ms] [LOG] [domain2] has id @ https://exmail.qq.com/cgi-bin/readtemplate?t=domain2&sid=MQhdT5P8m5M45Vc9,2&defcss=false&cbname=1&cbid=2:128
[  258594ms] [ERROR] Executing inline event handler violates the following Content Security Policy directive 'script-src 'self' https://*.mail.qq.com https://*.weixin.qq.com https://*.qqmail.com http://*.mail.qq.com http://*.weixin.qq.com http://*.qqmail.com https://captcha.gtimg.com https://*.captcha.qq.com https://res.wx.qq.com 'nonce-3360137242''. Either the 'unsafe-inline' keyword, a hash ('sha256-...'), or a nonce ('nonce-...') is required to enable inline execution. Note that hashes do not apply to event handlers, style attributes and javascript: navigations unless the 'unsafe-hashes' keyword is present. The action has been blocked. @ https://exmail.qq.com/cgi-bin/readmail?sid=MQhdT5P8m5M45Vc9,2&mailid=ZC0016-2OEm7TFoOzOZ1GYMWYG4S0l&t=compose&s=reply&disptype=html&currentReadMailID=ZC0016-2OEm7TFoOzOZ1GYMWYG4S0l&currentReadMailSendTime=1789552599&st_replytime=124296:388
[  258594ms] [LOG] [domain2.html] iframe addEventListener load, callback: true @ https://exmail.qq.com/cgi-bin/readtemplate?t=domain2&sid=MQhdT5P8m5M45Vc9,2&defcss=false&cbname=1&cbid=2:102
[  258594ms] [LOG] [domain2.html] do callback _creAteifRAmeoNlQAd_ callbackid QMEditorIfrmEditArea @ https://exmail.qq.com/cgi-bin/readtemplate?t=domain2&sid=MQhdT5P8m5M45Vc9,2&defcss=false&cbname=1&cbid=2:116
[  258595ms] [ERROR] Permissions policy violation: unload is not allowed in this document. @ https://rescdn.qqmail.com/bizmail/zh_CN/htmledition/js_biz/all7e1bf3.js:0
[  258595ms] [WARNING] [Risky function] insertAdjacentHTML, isTemplate:  <div class="QMEditorToolBarItem" unselectable="on" onmousedown="return false;" style="float:$floatPositon$"></div> @ https://rescdn.qqmail.com/bizmail/zh_CN/htmledition/js_biz/global7fa051.js:0
[  258596ms] [WARNING] [Risky function] insertAdjacentHTML, isTemplate:  <div class="QMEditorToolBarItem" unselectable="on" onmousedown="return false;" style="float:$floatPositon$"></div> @ https://rescdn.qqmail.com/bizmail/zh_CN/htmledition/js_biz/global7fa051.js:0
[  258596ms] [WARNING] [Risky function] insertAdjacentHTML, isTemplate:  <div class="QMEditorToolBarItem" unselectable="on" onmousedown="return false;" style="float:$floatPositon$"></div> @ https://rescdn.qqmail.com/bizmail/zh_CN/htmledition/js_biz/global7fa051.js:0
[  258596ms] [WARNING] [Risky function] insertAdjacentHTML, isTemplate:  <div class="QMEditorToolBarItem" unselectable="on" onmousedown="return false;" style="float:$floatPositon$"></div> @ https://rescdn.qqmail.com/bizmail/zh_CN/htmledition/js_biz/global7fa051.js:0
[  258596ms] [WARNING] [Risky function] insertAdjacentHTML, isTemplate:  <div class="QMEditorToolBarItem" unselectable="on" onmousedown="return false;" style="float:$floatPositon$"></div> @ https://rescdn.qqmail.com/bizmail/zh_CN/htmledition/js_biz/global7fa051.js:0
[  258596ms] [WARNING] [Risky function] insertAdjacentHTML, isTemplate:  <div class="QMEditorToolBarItem" unselectable="on" onmousedown="return false;" style="float:$floatPositon$"></div> @ https://rescdn.qqmail.com/bizmail/zh_CN/htmledition/js_biz/global7fa051.js:0
[  258596ms] [WARNING] [Risky function] insertAdjacentHTML, isTemplate:  <div class="QMEditorToolBarItem" unselectable="on" onmousedown="return false;" style="float:$floatPositon$"></div> @ https://rescdn.qqmail.com/bizmail/zh_CN/htmledition/js_biz/global7fa051.js:0
[  258596ms] [WARNING] [Risky function] insertAdjacentHTML, isTemplate:  <div class="QMEditorToolBarItem" unselectable="on" onmousedown="return false;" style="float:$floatPositon$"></div> @ https://rescdn.qqmail.com/bizmail/zh_CN/htmledition/js_biz/global7fa051.js:0
[  258596ms] [WARNING] [Risky function] insertAdjacentHTML, isTemplate:  <div class="QMEditorToolBarItem" unselectable="on" onmousedown="return false;" style="float:$floatPositon$"></div> @ https://rescdn.qqmail.com/bizmail/zh_CN/htmledition/js_biz/global7fa051.js:0
[  258596ms] [WARNING] [Risky function] insertAdjacentHTML, isTemplate:  <div class="QMEditorToolBarItem" unselectable="on" onmousedown="return false;" style="float:$floatPositon$"></div> @ https://rescdn.qqmail.com/bizmail/zh_CN/htmledition/js_biz/global7fa051.js:0
[  258596ms] [WARNING] [Risky function] insertAdjacentHTML, isTemplate:  <div class="QMEditorToolBarItem" unselectable="on" onmousedown="return false;" style="float:$floatPositon$"></div> @ https://rescdn.qqmail.com/bizmail/zh_CN/htmledition/js_biz/global7fa051.js:0
[  258596ms] [WARNING] [Risky function] insertAdjacentHTML, isTemplate:  <div class="QMEditorToolBarItem" unselectable="on" onmousedown="return false;" style="float:$floatPositon$"></div> @ https://rescdn.qqmail.com/bizmail/zh_CN/htmledition/js_biz/global7fa051.js:0
[  258596ms] [WARNING] [Risky function] insertAdjacentHTML, isTemplate:  <div class="QMEditorToolBarItem" unselectable="on" onmousedown="return false;" style="float:$floatPositon$"></div> @ https://rescdn.qqmail.com/bizmail/zh_CN/htmledition/js_biz/global7fa051.js:0
[  258596ms] [WARNING] [Risky function] insertAdjacentHTML, isTemplate:  <div class="QMEditorToolBarItem" unselectable="on" onmousedown="return false;" style="float:$floatPositon$"></div> @ https://rescdn.qqmail.com/bizmail/zh_CN/htmledition/js_biz/global7fa051.js:0
[  258596ms] [WARNING] [Risky function] insertAdjacentHTML, isTemplate:  <div class="QMEditorToolBarItem" unselectable="on" onmousedown="return false;" style="float:$floatPositon$"></div> @ https://rescdn.qqmail.com/bizmail/zh_CN/htmledition/js_biz/global7fa051.js:0
[  258596ms] [WARNING] [Risky function] insertAdjacentHTML, isTemplate:  <div class="QMEditorToolBarItem" unselectable="on" onmousedown="return false;" style="float:$floatPositon$"></div> @ https://rescdn.qqmail.com/bizmail/zh_CN/htmledition/js_biz/global7fa051.js:0
[  258596ms] [WARNING] [Risky function] insertAdjacentHTML, isTemplate:  <div class="QMEditorToolBarItem" unselectable="on" onmousedown="return false;" style="float:$floatPositon$"></div> @ https://rescdn.qqmail.com/bizmail/zh_CN/htmledition/js_biz/global7fa051.js:0
[  258596ms] [WARNING] [Risky function] insertAdjacentHTML, isTemplate:  <div class="QMEditorToolBarItem" unselectable="on" onmousedown="return false;" style="float:$floatPositon$"></div> @ https://rescdn.qqmail.com/bizmail/zh_CN/htmledition/js_biz/global7fa051.js:0
[  258596ms] [WARNING] [Risky function] insertAdjacentHTML, isTemplate:  <div class="QMEditorToolBarItem" unselectable="on" onmousedown="return false;" style="float:$floatPositon$"></div> @ https://rescdn.qqmail.com/bizmail/zh_CN/htmledition/js_biz/global7fa051.js:0
[  258596ms] [WARNING] [Risky function] insertAdjacentHTML, isTemplate:  <span tabindex="-1" class="QMEditorTBExternItem"></span> @ https://rescdn.qqmail.com/bizmail/zh_CN/htmledition/js_biz/global7fa051.js:0
[  258596ms] [WARNING] [Risky function] insertAdjacentHTML, isTemplate:  <span tabindex="-1" class="QMEditorTBExternItem"></span> @ https://rescdn.qqmail.com/bizmail/zh_CN/htmledition/js_biz/global7fa051.js:0
[  258596ms] [WARNING] [Risky function] insertAdjacentHTML, isTemplate:  <span tabindex="-1" class="QMEditorTBExternItem"></span> @ https://rescdn.qqmail.com/bizmail/zh_CN/htmledition/js_biz/global7fa051.js:0
[  258596ms] [WARNING] [Risky function] insertAdjacentHTML, isTemplate:  <span tabindex="-1" class="QMEditorTBExternItem"></span> @ https://rescdn.qqmail.com/bizmail/zh_CN/htmledition/js_biz/global7fa051.js:0
[  258596ms] [WARNING] [Risky function] insertAdjacentHTML, isTemplate:  <span tabindex="-1" class="QMEditorTBExternItem"></span> @ https://rescdn.qqmail.com/bizmail/zh_CN/htmledition/js_biz/global7fa051.js:0
[  259508ms] [LOG] [Risky function] global.js loaded! @ https://rescdn.qqmail.com/bizmail/zh_CN/htmledition/js_biz/global7fa051.js:0
[  259508ms] [LOG] [domain2.html] loaded: false, exmail.qq.com @ https://exmail.qq.com/cgi-bin/readtemplate?t=domain2&sid=MQhdT5P8m5M45Vc9,2&cbname=1&cbid=7:8
[  259508ms] [WARNING] document.domain mutation is ignored because the surrounding agent cluster is origin-keyed. @ https://exmail.qq.com/cgi-bin/readtemplate?t=domain2&sid=MQhdT5P8m5M45Vc9,2&cbname=1&cbid=7:10
[  259509ms] [LOG] [domain2] has id @ https://exmail.qq.com/cgi-bin/readtemplate?t=domain2&sid=MQhdT5P8m5M45Vc9,2&cbname=1&cbid=7:128
[  259509ms] [LOG] [domain2.html] iframe addEventListener load, callback: true @ https://exmail.qq.com/cgi-bin/readtemplate?t=domain2&sid=MQhdT5P8m5M45Vc9,2&cbname=1&cbid=7:102
[  259527ms] [LOG] [Risky function] global.js loaded! @ https://rescdn.qqmail.com/bizmail/zh_CN/htmledition/js_biz/global7fa051.js:0
[  259527ms] [LOG] [domain2.html] loaded: false, exmail.qq.com @ https://exmail.qq.com/cgi-bin/readtemplate?t=domain2&sid=MQhdT5P8m5M45Vc9,2&cbname=1&cbid=4:8
[  259527ms] [WARNING] document.domain mutation is ignored because the surrounding agent cluster is origin-keyed. @ https://exmail.qq.com/cgi-bin/readtemplate?t=domain2&sid=MQhdT5P8m5M45Vc9,2&cbname=1&cbid=4:10
[  259527ms] [LOG] [domain2] has id @ https://exmail.qq.com/cgi-bin/readtemplate?t=domain2&sid=MQhdT5P8m5M45Vc9,2&cbname=1&cbid=4:128
[  259528ms] [ERROR] Executing inline event handler violates the following Content Security Policy directive 'script-src 'self' https://*.mail.qq.com https://*.weixin.qq.com https://*.qqmail.com http://*.mail.qq.com http://*.weixin.qq.com http://*.qqmail.com https://captcha.gtimg.com https://*.captcha.qq.com https://res.wx.qq.com 'nonce-3360137242''. Either the 'unsafe-inline' keyword, a hash ('sha256-...'), or a nonce ('nonce-...') is required to enable inline execution. Note that hashes do not apply to event handlers, style attributes and javascript: navigations unless the 'unsafe-hashes' keyword is present. The action has been blocked. @ https://exmail.qq.com/cgi-bin/readmail?sid=MQhdT5P8m5M45Vc9,2&mailid=ZC0016-2OEm7TFoOzOZ1GYMWYG4S0l&t=compose&s=reply&disptype=html&currentReadMailID=ZC0016-2OEm7TFoOzOZ1GYMWYG4S0l&currentReadMailSendTime=1789552599&st_replytime=124296:0
[  259528ms] [LOG] [domain2.html] iframe addEventListener load, callback: true @ https://exmail.qq.com/cgi-bin/readtemplate?t=domain2&sid=MQhdT5P8m5M45Vc9,2&cbname=1&cbid=4:102
[  259528ms] [LOG] [domain2.html] do callback _creAteifRAmeoNlQAd_ callbackid composeImgUploadIframe @ https://exmail.qq.com/cgi-bin/readtemplate?t=domain2&sid=MQhdT5P8m5M45Vc9,2&cbname=1&cbid=4:116
[  259530ms] [ERROR] Running the JavaScript URL violates the following Content Security Policy directive 'script-src-elem 'self' https://*.mail.qq.com https://*.weixin.qq.com https://*.qqmail.com http://*.mail.qq.com http://*.weixin.qq.com http://*.qqmail.com https://captcha.gtimg.com https://*.captcha.qq.com https://res.wx.qq.com 'nonce-3468622443''. Either the 'unsafe-inline' keyword, a hash ('sha256-...'), or a nonce ('nonce-...') is required to enable inline execution. Note that hashes do not apply to event handlers, style attributes and javascript: navigations unless the 'unsafe-hashes' keyword is present. The action has been blocked. @ https://rescdn.qqmail.com/bizmail/zh_CN/htmledition/js_biz/global7fa051.js:0
[  260312ms] [ERROR] Permissions policy violation: unload is not allowed in this document. @ https://rescdn.qqmail.com/bizmail/zh_CN/htmledition/js_biz/all7e1bf3.js:0
[  260318ms] [LOG] [Risky function] global.js loaded! @ https://rescdn.qqmail.com/bizmail/zh_CN/htmledition/js_biz/global7fa051.js:0
[  260318ms] [LOG] [domain2.html] loaded: false, exmail.qq.com @ https://exmail.qq.com/cgi-bin/readtemplate?t=domain2&sid=MQhdT5P8m5M45Vc9,2&defcss=false&cbname=1&cbid=2:8
[  260318ms] [WARNING] document.domain mutation is ignored because the surrounding agent cluster is origin-keyed. @ https://exmail.qq.com/cgi-bin/readtemplate?t=domain2&sid=MQhdT5P8m5M45Vc9,2&defcss=false&cbname=1&cbid=2:10
[  260318ms] [LOG] [domain2] has id @ https://exmail.qq.com/cgi-bin/readtemplate?t=domain2&sid=MQhdT5P8m5M45Vc9,2&defcss=false&cbname=1&cbid=2:128
[  260319ms] [ERROR] Permissions policy violation: unload is not allowed in this document. @ https://rescdn.qqmail.com/bizmail/zh_CN/htmledition/js_biz/all7e1bf3.js:0
[  260319ms] [LOG] [domain2.html] iframe addEventListener load, callback: true @ https://exmail.qq.com/cgi-bin/readtemplate?t=domain2&sid=MQhdT5P8m5M45Vc9,2&defcss=false&cbname=1&cbid=2:102
[  316033ms] [LOG] [Risky function] global.js loaded! @ https://rescdn.qqmail.com/bizmail/zh_CN/htmledition/js_biz/global7fa051.js:0
[  316033ms] [LOG] [domain2.html] loaded: false, exmail.qq.com @ https://exmail.qq.com/cgi-bin/readtemplate?t=domain2&sid=MQhdT5P8m5M45Vc9,2&cbname=1&cbid=5:8
[  316033ms] [WARNING] document.domain mutation is ignored because the surrounding agent cluster is origin-keyed. @ https://exmail.qq.com/cgi-bin/readtemplate?t=domain2&sid=MQhdT5P8m5M45Vc9,2&cbname=1&cbid=5:10
[  316033ms] [LOG] [domain2] has id @ https://exmail.qq.com/cgi-bin/readtemplate?t=domain2&sid=MQhdT5P8m5M45Vc9,2&cbname=1&cbid=5:128
[  316042ms] [LOG] [domain2.html] iframe addEventListener load, callback: true @ https://exmail.qq.com/cgi-bin/readtemplate?t=domain2&sid=MQhdT5P8m5M45Vc9,2&cbname=1&cbid=5:102
[  317004ms] [LOG] [Risky function] global.js loaded! @ https://rescdn.qqmail.com/bizmail/zh_CN/htmledition/js_biz/global7fa051.js:0
[  317004ms] [WARNING] document.domain mutation is ignored because the surrounding agent cluster is origin-keyed. @ https://exmail.qq.com/cgi-bin/compose_send:10
[  317006ms] [WARNING] document.domain mutation is ignored because the surrounding agent cluster is origin-keyed. @ https://rescdn.qqmail.com/bizmail/zh_CN/htmledition/js_biz/all7e1bf3.js:0
[  317007ms] [LOG] [compose_send] runJS @ https://exmail.qq.com/cgi-bin/compose_send:28
[  317008ms] [LOG] [compose_send] do GetSendStatusFail @ https://exmail.qq.com/cgi-bin/compose_send:400
[  317008ms] [LOG] [compose_send] GetSendStatusFail @ https://exmail.qq.com/cgi-bin/compose_send:156
[  317023ms] [ERROR] Executing inline event handler violates the following Content Security Policy directive 'script-src 'self' https://*.mail.qq.com https://*.weixin.qq.com https://*.qqmail.com http://*.mail.qq.com http://*.weixin.qq.com http://*.qqmail.com https://captcha.gtimg.com https://*.captcha.qq.com https://res.wx.qq.com 'nonce-855835845''. Either the 'unsafe-inline' keyword, a hash ('sha256-...'), or a nonce ('nonce-...') is required to enable inline execution. Note that hashes do not apply to event handlers, style attributes and javascript: navigations unless the 'unsafe-hashes' keyword is present. The action has been blocked. @ https://exmail.qq.com/cgi-bin/compose_send:554
[  317035ms] [ERROR] Executing inline event handler violates the following Content Security Policy directive 'script-src 'self' https://*.mail.qq.com https://*.weixin.qq.com https://*.qqmail.com http://*.mail.qq.com http://*.weixin.qq.com http://*.qqmail.com https://captcha.gtimg.com https://*.captcha.qq.com https://res.wx.qq.com 'nonce-3360137242''. Either the 'unsafe-inline' keyword, a hash ('sha256-...'), or a nonce ('nonce-...') is required to enable inline execution. Note that hashes do not apply to event handlers, style attributes and javascript: navigations unless the 'unsafe-hashes' keyword is present. The action has been blocked. @ https://rescdn.qqmail.com/bizmail/zh_CN/htmledition/js_biz/global7fa051.js:0
[  317036ms] [LOG] [compose_send] runJS @ :0
[  317354ms] [LOG] [Risky function] global.js loaded! @ https://rescdn.qqmail.com/bizmail/zh_CN/htmledition/js_biz/global7fa051.js:0
[  317355ms] [WARNING] document.domain mutation is ignored because the surrounding agent cluster is origin-keyed. @ https://exmail.qq.com/cgi-bin/folderlist?sid=MQhdT5P8m5M45Vc9,2&scode=&r=1789620395848:10
[  331965ms] [LOG] [Risky function] global.js loaded! @ https://rescdn.qqmail.com/bizmail/zh_CN/htmledition/js_biz/global7fa051.js:0
[  331965ms] [WARNING] document.domain mutation is ignored because the surrounding agent cluster is origin-keyed. @ https://exmail.qq.com/cgi-bin/folderlist?sid=MQhdT5P8m5M45Vc9,2&scode=&r=1789620410430:10
[  332101ms] [LOG] [Risky function] global.js loaded! @ https://rescdn.qqmail.com/bizmail/zh_CN/htmledition/js_biz/global7fa051.js:0
[  332102ms] [WARNING] document.domain mutation is ignored because the surrounding agent cluster is origin-keyed. @ https://exmail.qq.com/cgi-bin/readtemplate?sid=MQhdT5P8m5M45Vc9,2&t=compose&s=cnew&loc=frame_html,,,21:10
[  332102ms] [ERROR] Permissions policy violation: unload is not allowed in this document. @ https://rescdn.qqmail.com/bizmail/zh_CN/htmledition/js_biz/all7e1bf3.js:0
[  332103ms] [LOG] version_match: true 7e1bf3 7e1bf3 7e1bf3 7e1bf3 @ https://exmail.qq.com/cgi-bin/readtemplate?sid=MQhdT5P8m5M45Vc9,2&t=compose&s=cnew&loc=frame_html,,,21:44
[  332103ms] [ERROR] Permissions policy violation: unload is not allowed in this document. @ https://rescdn.qqmail.com/bizmail/zh_CN/htmledition/js_biz/home/lib/jquery-1.11.0.min462fc5.js:352
[  332347ms] [ERROR] Running the JavaScript URL violates the following Content Security Policy directive 'script-src-elem 'self' https://*.mail.qq.com https://*.weixin.qq.com https://*.qqmail.com http://*.mail.qq.com http://*.weixin.qq.com http://*.qqmail.com https://captcha.gtimg.com https://*.captcha.qq.com https://res.wx.qq.com 'nonce-1342452333''. Either the 'unsafe-inline' keyword, a hash ('sha256-...'), or a nonce ('nonce-...') is required to enable inline execution. Note that hashes do not apply to event handlers, style attributes and javascript: navigations unless the 'unsafe-hashes' keyword is present. The action has been blocked. @ https://exmail.qq.com/cgi-bin/readtemplate?sid=MQhdT5P8m5M45Vc9,2&t=compose&s=cnew&loc=frame_html,,,21:0
[  332360ms] [ERROR] Permissions policy violation: unload is not allowed in this document. @ https://rescdn.qqmail.com/bizmail/zh_CN/htmledition/js_biz/all7e1bf3.js:0
[  332360ms] [ERROR] Permissions policy violation: unload is not allowed in this document. @ https://rescdn.qqmail.com/bizmail/zh_CN/htmledition/js_biz/all7e1bf3.js:0
[  332360ms] [ERROR] Permissions policy violation: unload is not allowed in this document. @ https://rescdn.qqmail.com/bizmail/zh_CN/htmledition/js_biz/all7e1bf3.js:0
[  332372ms] [LOG] [Risky function] global.js loaded! @ https://rescdn.qqmail.com/bizmail/zh_CN/htmledition/js_biz/global7fa051.js:0
[  332372ms] [LOG] [domain2.html] loaded: false, exmail.qq.com @ https://exmail.qq.com/cgi-bin/readtemplate?t=domain2&sid=MQhdT5P8m5M45Vc9,2&defcss=false&cbname=1&cbid=2:8
[  332372ms] [WARNING] document.domain mutation is ignored because the surrounding agent cluster is origin-keyed. @ https://exmail.qq.com/cgi-bin/readtemplate?t=domain2&sid=MQhdT5P8m5M45Vc9,2&defcss=false&cbname=1&cbid=2:10
[  332372ms] [LOG] [domain2] has id @ https://exmail.qq.com/cgi-bin/readtemplate?t=domain2&sid=MQhdT5P8m5M45Vc9,2&defcss=false&cbname=1&cbid=2:128
[  332373ms] [ERROR] Executing inline event handler violates the following Content Security Policy directive 'script-src 'self' https://*.mail.qq.com https://*.weixin.qq.com https://*.qqmail.com http://*.mail.qq.com http://*.weixin.qq.com http://*.qqmail.com https://captcha.gtimg.com https://*.captcha.qq.com https://res.wx.qq.com 'nonce-1342452333''. Either the 'unsafe-inline' keyword, a hash ('sha256-...'), or a nonce ('nonce-...') is required to enable inline execution. Note that hashes do not apply to event handlers, style attributes and javascript: navigations unless the 'unsafe-hashes' keyword is present. The action has been blocked. @ https://exmail.qq.com/cgi-bin/readtemplate?sid=MQhdT5P8m5M45Vc9,2&t=compose&s=cnew&loc=frame_html,,,21:396
[  332373ms] [LOG] [domain2.html] iframe addEventListener load, callback: true @ https://exmail.qq.com/cgi-bin/readtemplate?t=domain2&sid=MQhdT5P8m5M45Vc9,2&defcss=false&cbname=1&cbid=2:102
[  332373ms] [LOG] [domain2.html] do callback _creAteifRAmeoNlQAd_ callbackid QMEditorIfrmEditArea @ https://exmail.qq.com/cgi-bin/readtemplate?t=domain2&sid=MQhdT5P8m5M45Vc9,2&defcss=false&cbname=1&cbid=2:116
[  332373ms] [ERROR] Permissions policy violation: unload is not allowed in this document. @ https://rescdn.qqmail.com/bizmail/zh_CN/htmledition/js_biz/all7e1bf3.js:0
[  332373ms] [WARNING] [Risky function] insertAdjacentHTML, isTemplate:  <div class="QMEditorToolBarItem" unselectable="on" onmousedown="return false;" style="float:$floatPositon$"></div> @ https://rescdn.qqmail.com/bizmail/zh_CN/htmledition/js_biz/global7fa051.js:0
[  332373ms] [WARNING] [Risky function] insertAdjacentHTML, isTemplate:  <div class="QMEditorToolBarItem" unselectable="on" onmousedown="return false;" style="float:$floatPositon$"></div> @ https://rescdn.qqmail.com/bizmail/zh_CN/htmledition/js_biz/global7fa051.js:0
[  332373ms] [WARNING] [Risky function] insertAdjacentHTML, isTemplate:  <div class="QMEditorToolBarItem" unselectable="on" onmousedown="return false;" style="float:$floatPositon$"></div> @ https://rescdn.qqmail.com/bizmail/zh_CN/htmledition/js_biz/global7fa051.js:0
[  332373ms] [WARNING] [Risky function] insertAdjacentHTML, isTemplate:  <div class="QMEditorToolBarItem" unselectable="on" onmousedown="return false;" style="float:$floatPositon$"></div> @ https://rescdn.qqmail.com/bizmail/zh_CN/htmledition/js_biz/global7fa051.js:0
[  332373ms] [WARNING] [Risky function] insertAdjacentHTML, isTemplate:  <div class="QMEditorToolBarItem" unselectable="on" onmousedown="return false;" style="float:$floatPositon$"></div> @ https://rescdn.qqmail.com/bizmail/zh_CN/htmledition/js_biz/global7fa051.js:0
[  332373ms] [WARNING] [Risky function] insertAdjacentHTML, isTemplate:  <div class="QMEditorToolBarItem" unselectable="on" onmousedown="return false;" style="float:$floatPositon$"></div> @ https://rescdn.qqmail.com/bizmail/zh_CN/htmledition/js_biz/global7fa051.js:0
[  332374ms] [WARNING] [Risky function] insertAdjacentHTML, isTemplate:  <div class="QMEditorToolBarItem" unselectable="on" onmousedown="return false;" style="float:$floatPositon$"></div> @ https://rescdn.qqmail.com/bizmail/zh_CN/htmledition/js_biz/global7fa051.js:0
[  332374ms] [WARNING] [Risky function] insertAdjacentHTML, isTemplate:  <div class="QMEditorToolBarItem" unselectable="on" onmousedown="return false;" style="float:$floatPositon$"></div> @ https://rescdn.qqmail.com/bizmail/zh_CN/htmledition/js_biz/global7fa051.js:0
[  332374ms] [WARNING] [Risky function] insertAdjacentHTML, isTemplate:  <div class="QMEditorToolBarItem" unselectable="on" onmousedown="return false;" style="float:$floatPositon$"></div> @ https://rescdn.qqmail.com/bizmail/zh_CN/htmledition/js_biz/global7fa051.js:0
[  332374ms] [WARNING] [Risky function] insertAdjacentHTML, isTemplate:  <div class="QMEditorToolBarItem" unselectable="on" onmousedown="return false;" style="float:$floatPositon$"></div> @ https://rescdn.qqmail.com/bizmail/zh_CN/htmledition/js_biz/global7fa051.js:0
[  332374ms] [WARNING] [Risky function] insertAdjacentHTML, isTemplate:  <div class="QMEditorToolBarItem" unselectable="on" onmousedown="return false;" style="float:$floatPositon$"></div> @ https://rescdn.qqmail.com/bizmail/zh_CN/htmledition/js_biz/global7fa051.js:0
[  332374ms] [WARNING] [Risky function] insertAdjacentHTML, isTemplate:  <div class="QMEditorToolBarItem" unselectable="on" onmousedown="return false;" style="float:$floatPositon$"></div> @ https://rescdn.qqmail.com/bizmail/zh_CN/htmledition/js_biz/global7fa051.js:0
[  332374ms] [WARNING] [Risky function] insertAdjacentHTML, isTemplate:  <div class="QMEditorToolBarItem" unselectable="on" onmousedown="return false;" style="float:$floatPositon$"></div> @ https://rescdn.qqmail.com/bizmail/zh_CN/htmledition/js_biz/global7fa051.js:0
[  332374ms] [WARNING] [Risky function] insertAdjacentHTML, isTemplate:  <div class="QMEditorToolBarItem" unselectable="on" onmousedown="return false;" style="float:$floatPositon$"></div> @ https://rescdn.qqmail.com/bizmail/zh_CN/htmledition/js_biz/global7fa051.js:0
[  332374ms] [WARNING] [Risky function] insertAdjacentHTML, isTemplate:  <div class="QMEditorToolBarItem" unselectable="on" onmousedown="return false;" style="float:$floatPositon$"></div> @ https://rescdn.qqmail.com/bizmail/zh_CN/htmledition/js_biz/global7fa051.js:0
[  332374ms] [WARNING] [Risky function] insertAdjacentHTML, isTemplate:  <div class="QMEditorToolBarItem" unselectable="on" onmousedown="return false;" style="float:$floatPositon$"></div> @ https://rescdn.qqmail.com/bizmail/zh_CN/htmledition/js_biz/global7fa051.js:0
[  332374ms] [WARNING] [Risky function] insertAdjacentHTML, isTemplate:  <div class="QMEditorToolBarItem" unselectable="on" onmousedown="return false;" style="float:$floatPositon$"></div> @ https://rescdn.qqmail.com/bizmail/zh_CN/htmledition/js_biz/global7fa051.js:0
[  332374ms] [WARNING] [Risky function] insertAdjacentHTML, isTemplate:  <div class="QMEditorToolBarItem" unselectable="on" onmousedown="return false;" style="float:$floatPositon$"></div> @ https://rescdn.qqmail.com/bizmail/zh_CN/htmledition/js_biz/global7fa051.js:0
[  332374ms] [WARNING] [Risky function] insertAdjacentHTML, isTemplate:  <div class="QMEditorToolBarItem" unselectable="on" onmousedown="return false;" style="float:$floatPositon$"></div> @ https://rescdn.qqmail.com/bizmail/zh_CN/htmledition/js_biz/global7fa051.js:0
[  332374ms] [WARNING] [Risky function] insertAdjacentHTML, isTemplate:  <span tabindex="-1" class="QMEditorTBExternItem"></span> @ https://rescdn.qqmail.com/bizmail/zh_CN/htmledition/js_biz/global7fa051.js:0
[  332374ms] [WARNING] [Risky function] insertAdjacentHTML, isTemplate:  <span tabindex="-1" class="QMEditorTBExternItem"></span> @ https://rescdn.qqmail.com/bizmail/zh_CN/htmledition/js_biz/global7fa051.js:0
[  332374ms] [WARNING] [Risky function] insertAdjacentHTML, isTemplate:  <span tabindex="-1" class="QMEditorTBExternItem"></span> @ https://rescdn.qqmail.com/bizmail/zh_CN/htmledition/js_biz/global7fa051.js:0
[  332374ms] [WARNING] [Risky function] insertAdjacentHTML, isTemplate:  <span tabindex="-1" class="QMEditorTBExternItem"></span> @ https://rescdn.qqmail.com/bizmail/zh_CN/htmledition/js_biz/global7fa051.js:0
[  332374ms] [WARNING] [Risky function] insertAdjacentHTML, isTemplate:  <span tabindex="-1" class="QMEditorTBExternItem"></span> @ https://rescdn.qqmail.com/bizmail/zh_CN/htmledition/js_biz/global7fa051.js:0
[  332498ms] [LOG] [Risky function] global.js loaded! @ https://rescdn.qqmail.com/bizmail/zh_CN/htmledition/js_biz/global7fa051.js:0
[  332499ms] [LOG] [domain2.html] loaded: false, exmail.qq.com @ https://exmail.qq.com/cgi-bin/readtemplate?t=domain2&sid=MQhdT5P8m5M45Vc9,2&cbname=1&cbid=4:8
[  332499ms] [WARNING] document.domain mutation is ignored because the surrounding agent cluster is origin-keyed. @ https://exmail.qq.com/cgi-bin/readtemplate?t=domain2&sid=MQhdT5P8m5M45Vc9,2&cbname=1&cbid=4:10
[  332499ms] [LOG] [domain2] has id @ https://exmail.qq.com/cgi-bin/readtemplate?t=domain2&sid=MQhdT5P8m5M45Vc9,2&cbname=1&cbid=4:128
[  332500ms] [ERROR] Executing inline event handler violates the following Content Security Policy directive 'script-src 'self' https://*.mail.qq.com https://*.weixin.qq.com https://*.qqmail.com http://*.mail.qq.com http://*.weixin.qq.com http://*.qqmail.com https://captcha.gtimg.com https://*.captcha.qq.com https://res.wx.qq.com 'nonce-1342452333''. Either the 'unsafe-inline' keyword, a hash ('sha256-...'), or a nonce ('nonce-...') is required to enable inline execution. Note that hashes do not apply to event handlers, style attributes and javascript: navigations unless the 'unsafe-hashes' keyword is present. The action has been blocked. @ https://exmail.qq.com/cgi-bin/readtemplate?sid=MQhdT5P8m5M45Vc9,2&t=compose&s=cnew&loc=frame_html,,,21:0
[  332500ms] [LOG] [domain2.html] iframe addEventListener load, callback: true @ https://exmail.qq.com/cgi-bin/readtemplate?t=domain2&sid=MQhdT5P8m5M45Vc9,2&cbname=1&cbid=4:102
[  332500ms] [LOG] [domain2.html] do callback _creAteifRAmeoNlQAd_ callbackid composeImgUploadIframe @ https://exmail.qq.com/cgi-bin/readtemplate?t=domain2&sid=MQhdT5P8m5M45Vc9,2&cbname=1&cbid=4:116
[  332502ms] [ERROR] Running the JavaScript URL violates the following Content Security Policy directive 'script-src-elem 'self' https://*.mail.qq.com https://*.weixin.qq.com https://*.qqmail.com http://*.mail.qq.com http://*.weixin.qq.com http://*.qqmail.com https://captcha.gtimg.com https://*.captcha.qq.com https://res.wx.qq.com 'nonce-3468622443''. Either the 'unsafe-inline' keyword, a hash ('sha256-...'), or a nonce ('nonce-...') is required to enable inline execution. Note that hashes do not apply to event handlers, style attributes and javascript: navigations unless the 'unsafe-hashes' keyword is present. The action has been blocked. @ https://rescdn.qqmail.com/bizmail/zh_CN/htmledition/js_biz/global7fa051.js:0
[  332903ms] [ERROR] Permissions policy violation: unload is not allowed in this document. @ https://rescdn.qqmail.com/bizmail/zh_CN/htmledition/js_biz/all7e1bf3.js:0
[  332909ms] [LOG] [Risky function] global.js loaded! @ https://rescdn.qqmail.com/bizmail/zh_CN/htmledition/js_biz/global7fa051.js:0
[  332910ms] [LOG] [domain2.html] loaded: false, exmail.qq.com @ https://exmail.qq.com/cgi-bin/readtemplate?t=domain2&sid=MQhdT5P8m5M45Vc9,2&defcss=false&cbname=1&cbid=2:8
[  332910ms] [WARNING] document.domain mutation is ignored because the surrounding agent cluster is origin-keyed. @ https://exmail.qq.com/cgi-bin/readtemplate?t=domain2&sid=MQhdT5P8m5M45Vc9,2&defcss=false&cbname=1&cbid=2:10
[  332910ms] [LOG] [domain2] has id @ https://exmail.qq.com/cgi-bin/readtemplate?t=domain2&sid=MQhdT5P8m5M45Vc9,2&defcss=false&cbname=1&cbid=2:128
[  332910ms] [ERROR] Permissions policy violation: unload is not allowed in this document. @ https://rescdn.qqmail.com/bizmail/zh_CN/htmledition/js_biz/all7e1bf3.js:0
[  332910ms] [LOG] [domain2.html] iframe addEventListener load, callback: true @ https://exmail.qq.com/cgi-bin/readtemplate?t=domain2&sid=MQhdT5P8m5M45Vc9,2&defcss=false&cbname=1&cbid=2:102
[  389783ms] [LOG] [Risky function] global.js loaded! @ https://rescdn.qqmail.com/bizmail/zh_CN/htmledition/js_biz/global7fa051.js:0
[  389783ms] [WARNING] document.domain mutation is ignored because the surrounding agent cluster is origin-keyed. @ https://exmail.qq.com/cgi-bin/compose_send:10
[  389788ms] [WARNING] document.domain mutation is ignored because the surrounding agent cluster is origin-keyed. @ https://rescdn.qqmail.com/bizmail/zh_CN/htmledition/js_biz/all7e1bf3.js:0
[  389790ms] [LOG] [compose_send] runJS @ https://exmail.qq.com/cgi-bin/compose_send:28
[  389790ms] [LOG] [compose_send] do GetSendStatusFail @ https://exmail.qq.com/cgi-bin/compose_send:400
[  389790ms] [LOG] [compose_send] GetSendStatusFail @ https://exmail.qq.com/cgi-bin/compose_send:156
[  389800ms] [ERROR] Executing inline event handler violates the following Content Security Policy directive 'script-src 'self' https://*.mail.qq.com https://*.weixin.qq.com https://*.qqmail.com http://*.mail.qq.com http://*.weixin.qq.com http://*.qqmail.com https://captcha.gtimg.com https://*.captcha.qq.com https://res.wx.qq.com 'nonce-535691392''. Either the 'unsafe-inline' keyword, a hash ('sha256-...'), or a nonce ('nonce-...') is required to enable inline execution. Note that hashes do not apply to event handlers, style attributes and javascript: navigations unless the 'unsafe-hashes' keyword is present. The action has been blocked. @ https://exmail.qq.com/cgi-bin/compose_send:554
[  389816ms] [ERROR] Executing inline event handler violates the following Content Security Policy directive 'script-src 'self' https://*.mail.qq.com https://*.weixin.qq.com https://*.qqmail.com http://*.mail.qq.com http://*.weixin.qq.com http://*.qqmail.com https://captcha.gtimg.com https://*.captcha.qq.com https://res.wx.qq.com 'nonce-1342452333''. Either the 'unsafe-inline' keyword, a hash ('sha256-...'), or a nonce ('nonce-...') is required to enable inline execution. Note that hashes do not apply to event handlers, style attributes and javascript: navigations unless the 'unsafe-hashes' keyword is present. The action has been blocked. @ https://rescdn.qqmail.com/bizmail/zh_CN/htmledition/js_biz/global7fa051.js:0
[  389818ms] [LOG] [compose_send] runJS @ :0
[  390186ms] [LOG] [Risky function] global.js loaded! @ https://rescdn.qqmail.com/bizmail/zh_CN/htmledition/js_biz/global7fa051.js:0
[  390186ms] [WARNING] document.domain mutation is ignored because the surrounding agent cluster is origin-keyed. @ https://exmail.qq.com/cgi-bin/folderlist?sid=MQhdT5P8m5M45Vc9,2&scode=&r=1789620468630:10
[ 1225140ms] [LOG] [Risky function] global.js loaded! @ https://rescdn.qqmail.com/bizmail/zh_CN/htmledition/js_biz/global7fa051.js:0
[ 1225140ms] [WARNING] document.domain mutation is ignored because the surrounding agent cluster is origin-keyed. @ https://exmail.qq.com/cgi-bin/mail_list?sid=MQhdT5P8m5M45Vc9,2&folderid=3&page=0&topmails=0&loc=folderlist,,,3:10
[ 1225140ms] [ERROR] Permissions policy violation: unload is not allowed in this document. @ https://rescdn.qqmail.com/bizmail/zh_CN/htmledition/js_biz/all7e1bf3.js:0
[ 1225649ms] [LOG] [Risky function] global.js loaded! @ https://rescdn.qqmail.com/bizmail/zh_CN/htmledition/js_biz/global7fa051.js:0
[ 1225649ms] [WARNING] document.domain mutation is ignored because the surrounding agent cluster is origin-keyed. @ https://exmail.qq.com/cgi-bin/mail_list?sid=MQhdT5P8m5M45Vc9,2&folderid=3&page=0&topmails=0&loc=folderlist,,,3:10
[ 1225649ms] [ERROR] Permissions policy violation: unload is not allowed in this document. @ https://rescdn.qqmail.com/bizmail/zh_CN/htmledition/js_biz/all7e1bf3.js:0
[ 1225882ms] [ERROR] Permissions policy violation: unload is not allowed in this document. @ https://rescdn.qqmail.com/bizmail/zh_CN/htmledition/js_biz/all7e1bf3.js:0
[ 1225887ms] [ERROR] Permissions policy violation: unload is not allowed in this document. @ https://rescdn.qqmail.com/bizmail/zh_CN/htmledition/js_biz/modules/jquery/jquery/1.11.3/jquery.min5d902b.js:0
[ 1228649ms] [LOG] [Risky function] global.js loaded! @ https://rescdn.qqmail.com/bizmail/zh_CN/htmledition/js_biz/global7fa051.js:0
[ 1228650ms] [WARNING] document.domain mutation is ignored because the surrounding agent cluster is origin-keyed. @ https://exmail.qq.com/cgi-bin/readmail?folderid=3&t=readmail&mailid=ZC0017-SXDdbLDAYmrBw3EbfIrVR0l&mode=pre&maxage=3600&base=10.4410&ver=10396&sid=MQhdT5P8m5M45Vc9,2&show_ww_icon=false:10
[ 1228650ms] [ERROR] Permissions policy violation: unload is not allowed in this document. @ https://rescdn.qqmail.com/bizmail/zh_CN/htmledition/js_biz/all7e1bf3.js:0
[ 1228680ms] [ERROR] Permissions policy violation: unload is not allowed in this document. @ https://rescdn.qqmail.com/bizmail/zh_CN/htmledition/js_biz/modules/jquery/jquery/1.11.3/jquery.min5d902b.js:0
[ 1228732ms] [LOG] match url: 16 16 @ https://rescdn.qqmail.com/bizmail/zh_CN/htmledition/js_biz/all7e1bf3.js:0
[ 1228732ms] [LOG] match url: 026 026 @ https://rescdn.qqmail.com/bizmail/zh_CN/htmledition/js_biz/all7e1bf3.js:0
[ 1228732ms] [LOG] match url: 56 56 @ https://rescdn.qqmail.com/bizmail/zh_CN/htmledition/js_biz/all7e1bf3.js:0
[ 1228732ms] [LOG] match url: 1180086 1180086 @ https://rescdn.qqmail.com/bizmail/zh_CN/htmledition/js_biz/all7e1bf3.js:0
[ 1228732ms] [LOG] match url: 1180086 1180086 @ https://rescdn.qqmail.com/bizmail/zh_CN/htmledition/js_biz/all7e1bf3.js:0
[ 1228732ms] [LOG] match url: 025 025 @ https://rescdn.qqmail.com/bizmail/zh_CN/htmledition/js_biz/all7e1bf3.js:0
[ 1228732ms] [LOG] match url: 682989 682989 @ https://rescdn.qqmail.com/bizmail/zh_CN/htmledition/js_biz/all7e1bf3.js:0
[ 1228733ms] [LOG] match url: 026 026 @ https://rescdn.qqmail.com/bizmail/zh_CN/htmledition/js_biz/all7e1bf3.js:0
[ 1228733ms] [LOG] match url: 16 16 @ https://rescdn.qqmail.com/bizmail/zh_CN/htmledition/js_biz/all7e1bf3.js:0
[ 1228733ms] [LOG] match url: 63 63 @ https://rescdn.qqmail.com/bizmail/zh_CN/htmledition/js_biz/all7e1bf3.js:0
[ 1228733ms] [LOG] match url: 210023 210023 @ https://rescdn.qqmail.com/bizmail/zh_CN/htmledition/js_biz/all7e1bf3.js:0
[ 1228733ms] [LOG] match url: 86 86 @ https://rescdn.qqmail.com/bizmail/zh_CN/htmledition/js_biz/all7e1bf3.js:0
[ 1228733ms] [LOG] match url: 25 25 @ https://rescdn.qqmail.com/bizmail/zh_CN/htmledition/js_biz/all7e1bf3.js:0
[ 1228733ms] [LOG] match url: 682989 682989 @ https://rescdn.qqmail.com/bizmail/zh_CN/htmledition/js_biz/all7e1bf3.js:0
[ 1228733ms] [LOG] match url: 1180086 1180086 @ https://rescdn.qqmail.com/bizmail/zh_CN/htmledition/js_biz/all7e1bf3.js:0
[ 1228733ms] [LOG] match url: 1180086 1180086 @ https://rescdn.qqmail.com/bizmail/zh_CN/htmledition/js_biz/all7e1bf3.js:0
[ 1228733ms] [LOG] match url: 16 16 @ https://rescdn.qqmail.com/bizmail/zh_CN/htmledition/js_biz/all7e1bf3.js:0
[ 1228733ms] [LOG] match url: 026 026 @ https://rescdn.qqmail.com/bizmail/zh_CN/htmledition/js_biz/all7e1bf3.js:0
[ 1228733ms] [LOG] match url: 42 42 @ https://rescdn.qqmail.com/bizmail/zh_CN/htmledition/js_biz/all7e1bf3.js:0
[ 1228733ms] [LOG] match url: 025 025 @ https://rescdn.qqmail.com/bizmail/zh_CN/htmledition/js_biz/all7e1bf3.js:0
[ 1228733ms] [LOG] match url: 025 025 @ https://rescdn.qqmail.com/bizmail/zh_CN/htmledition/js_biz/all7e1bf3.js:0
[ 1228733ms] [LOG] match url: 025 025 @ https://rescdn.qqmail.com/bizmail/zh_CN/htmledition/js_biz/all7e1bf3.js:0
[ 1228733ms] [LOG] match url: 027 027 @ https://rescdn.qqmail.com/bizmail/zh_CN/htmledition/js_biz/all7e1bf3.js:0
[ 1228733ms] [LOG] match url: 025 025 @ https://rescdn.qqmail.com/bizmail/zh_CN/htmledition/js_biz/all7e1bf3.js:0
[ 1228734ms] [LOG] match url: 027 027 @ https://rescdn.qqmail.com/bizmail/zh_CN/htmledition/js_biz/all7e1bf3.js:0
[ 1228734ms] [LOG] match url: 028 028 @ https://rescdn.qqmail.com/bizmail/zh_CN/htmledition/js_biz/all7e1bf3.js:0
[ 1228734ms] [LOG] match url: 027 027 @ https://rescdn.qqmail.com/bizmail/zh_CN/htmledition/js_biz/all7e1bf3.js:0
[ 1228734ms] [LOG] match url: 18060110 18060110 @ https://rescdn.qqmail.com/bizmail/zh_CN/htmledition/js_biz/all7e1bf3.js:0
[ 1228734ms] [LOG] match url: 025 025 @ https://rescdn.qqmail.com/bizmail/zh_CN/htmledition/js_biz/all7e1bf3.js:0
[ 1228734ms] [LOG] match url: 025 025 @ https://rescdn.qqmail.com/bizmail/zh_CN/htmledition/js_biz/all7e1bf3.js:0
[ 1228734ms] [LOG] match url: 1180086 1180086 @ https://rescdn.qqmail.com/bizmail/zh_CN/htmledition/js_biz/all7e1bf3.js:0
[ 1228736ms] [ERROR] Permissions policy violation: unload is not allowed in this document. @ https://rescdn.qqmail.com/bizmail/zh_CN/htmledition/js_biz/all7e1bf3.js:0
[ 1228908ms] [LOG] [Risky function] global.js loaded! @ https://rescdn.qqmail.com/bizmail/zh_CN/htmledition/js_biz/global7fa051.js:0
[ 1228909ms] [WARNING] document.domain mutation is ignored because the surrounding agent cluster is origin-keyed. @ https://exmail.qq.com/cgi-bin/send_status?sid=MQhdT5P8m5M45Vc9,2&messageid=lv4gz3a-0t1789620396t4e97f20a&date=20260917&custom_send=0:10
