[     197ms] [LOG] [Risky function] global.js loaded! @ https://rescdn.qqmail.com/bizmail/zh_CN/htmledition/js_biz/global7fa051.js:0
[     213ms] [WARNING] document.domain mutation is ignored because the surrounding agent cluster is origin-keyed. @ https://rescdn.qqmail.com/bizmail/zh_CN/htmledition/js_biz/all7e1bf3.js:0
[     218ms] [WARNING] A parser-blocking, cross site (i.e. different eTLD+1) script, https://rescdn.qqmail.com/bizmail/zh_CN/htmledition/js_biz/safeauth527dd7.js?0.8196641266435009, is invoked via document.write. The network request for this script MAY be blocked by the browser in this or a future page load due to poor network connectivity. If blocked in this page load, it will be confirmed in a subsequent console message. See https://www.chromestatus.com/feature/5718547946799104 for more details. @ https://rescdn.qqmail.com/bizmail/zh_CN/htmledition/js_biz/global7fa051.js:0
[     306ms] [ERROR] Permissions policy violation: unload is not allowed in this document. @ https://rescdn.qqmail.com/node/qy/qymng/js/_$$_3rd/es5-shim.min$d2c7f6f1.js,3rd/promise$fe11979e.js,modules/jquery/jquery/1.11.3/jquery.min$3b410919.js:87
[     311ms] [ERROR] Permissions policy violation: unload is not allowed in this document. @ https://rescdn.qqmail.com/node/qy/qymng/js/_$$_3rd/es5-shim.min$d2c7f6f1.js,3rd/promise$fe11979e.js,modules/jquery/jquery/1.11.3/jquery.min$3b410919.js:87
[     318ms] [WARNING] document.domain mutation is ignored because the surrounding agent cluster is origin-keyed. @ https://exmail.qq.com/qy_mng_logic/wwlogin/login_qrcode?styleType=20230316&login_type=ww_login:971
[     320ms] [WARNING] document.domain mutation is ignored because the surrounding agent cluster is origin-keyed. @ https://exmail.qq.com/qy_mng_logic/wwlogin/login_qrcode?styleType=20230317&login_type=wx_login:971
[     321ms] [WARNING] document.domain mutation is ignored because the surrounding agent cluster is origin-keyed. @ https://rescdn.qqmail.com/node/qy/qymng/js/wework_login/wework_login$9aca1e46.js:6
[     323ms] [WARNING] document.domain mutation is ignored because the surrounding agent cluster is origin-keyed. @ https://rescdn.qqmail.com/node/qy/qymng/js/wework_login/wework_login$9aca1e46.js:6
[    1285ms] [LOG] [Risky function] global.js loaded! @ https://rescdn.qqmail.com/bizmail/zh_CN/htmledition/js_biz/global7fa051.js:0
[    1286ms] [LOG] [domain2.html] loaded: false, exmail.qq.com @ https://exmail.qq.com/cgi-bin/readtemplate?t=domain2&cbname=1&cbid=9:4
[    1286ms] [WARNING] document.domain mutation is ignored because the surrounding agent cluster is origin-keyed. @ https://exmail.qq.com/cgi-bin/readtemplate?t=domain2&cbname=1&cbid=9:6
[    1286ms] [LOG] [domain2] has id @ https://exmail.qq.com/cgi-bin/readtemplate?t=domain2&cbname=1&cbid=9:124
[    1289ms] [ERROR] Executing inline event handler violates the following Content Security Policy directive 'script-src 'self' https://*.mail.qq.com https://*.weixin.qq.com https://*.qqmail.com http://*.mail.qq.com http://*.weixin.qq.com http://*.qqmail.com https://captcha.gtimg.com https://*.captcha.qq.com https://res.wx.qq.com 'nonce-4881344646''. Either the 'unsafe-inline' keyword, a hash ('sha256-...'), or a nonce ('nonce-...') is required to enable inline execution. Note that hashes do not apply to event handlers, style attributes and javascript: navigations unless the 'unsafe-hashes' keyword is present. The action has been blocked. @ https://exmail.qq.com/login:155
[    1289ms] [LOG] [domain2.html] iframe addEventListener load, callback: true @ https://exmail.qq.com/cgi-bin/readtemplate?t=domain2&cbname=1&cbid=9:98
[    1289ms] [LOG] [domain2.html] do callback _creAteifRAmeoNlQAd_ callbackid iframe_distributeDomain_proxy_ @ https://exmail.qq.com/cgi-bin/readtemplate?t=domain2&cbname=1&cbid=9:112
[    3256ms] [ERROR] Permissions policy violation: unload is not allowed in this document. @ https://exmail.qq.com/login:55
[    3257ms] [WARNING] document.domain mutation is ignored because the surrounding agent cluster is origin-keyed. @ https://rescdn.qqmail.com/bizmail/zh_CN/htmledition/js_biz/newlogin/login7d7d35.js:0
[    3261ms] [VERBOSE] [DOM] Input elements should have autocomplete attributes (suggested: "current-password"): (More info: https://goo.gl/9p2vKq) %o @ https://exmail.qq.com/login:0
[    3268ms] [ERROR] Connecting to 'https://www.google-analytics.com/j/collect?v=1&_v=j102&a=686398125&t=pageview&_s=1&dl=https%3A%2F%2Fexmail.qq.com%2Flogin&ul=zh-cn&dt=%E8%85%BE%E8%AE%AF%E4%BC%81%E4%B8%9A%E9%82%AE%E7%AE%B1-%E7%99%BB%E5%BD%95%E5%85%A5%E5%8F%A3&sr=1707x1067&vp=1036x905&_u=AACAAAABAAAAACAAI~&jid=604892442&gjid=1823680395&cid=1475466543.1789547397&tid=UA-43277770-1&_gid=994094815.1789547397&_r=1&_slc=1&z=1972876286' violates the following Content Security Policy directive: "connect-src 'self' https://cube.weixinbridge.com https://report.url.cn https://rescdn.qqmail.com http://rescdn.qqmail.com". The action has been blocked. @ https://www.google-analytics.com/analytics.js:45
[    3415ms] [ERROR] Permissions policy violation: unload is not allowed in this document. @ https://hm.baidu.com/hm.js?bdfb0d7298c0c5a5a2475c291ac7aca2:1
[    3415ms] [ERROR] Permissions policy violation: unload is not allowed in this document. @ https://hm.baidu.com/hm.js?bdfb0d7298c0c5a5a2475c291ac7aca2:1
[   16509ms] [LOG] [Risky function] global.js loaded! @ https://rescdn.qqmail.com/bizmail/zh_CN/htmledition/js_biz/global7fa051.js:0
[   17231ms] [WARNING] document.domain mutation is ignored because the surrounding agent cluster is origin-keyed. @ https://exmail.qq.com/cgi-bin/frame_html?sid=MQhdT5P8m5M45Vc9,2&sign_type=&r=e10ba22737b4941c1593b8867dab72b6:9
[   17471ms] [WARNING] A parser-blocking, cross site (i.e. different eTLD+1) script, https://rescdn.qqmail.com/bizmail/zh_CN/htmledition/js_biz/all7e1bf3.js, is invoked via document.write. The network request for this script MAY be blocked by the browser in this or a future page load due to poor network connectivity. If blocked in this page load, it will be confirmed in a subsequent console message. See https://www.chromestatus.com/feature/5718547946799104 for more details. @ https://exmail.qq.com/cgi-bin/frame_html?sid=MQhdT5P8m5M45Vc9,2&sign_type=&r=e10ba22737b4941c1593b8867dab72b6:155
[   17471ms] [WARNING] A parser-blocking, cross site (i.e. different eTLD+1) script, https://rescdn.qqmail.com/bizmail/zh_CN/htmledition/js_biz/all7e1bf3.js, is invoked via document.write. The network request for this script MAY be blocked by the browser in this or a future page load due to poor network connectivity. If blocked in this page load, it will be confirmed in a subsequent console message. See https://www.chromestatus.com/feature/5718547946799104 for more details. @ https://exmail.qq.com/cgi-bin/frame_html?sid=MQhdT5P8m5M45Vc9,2&sign_type=&r=e10ba22737b4941c1593b8867dab72b6:155
[   17471ms] [WARNING] A parser-blocking, cross site (i.e. different eTLD+1) script, https://rescdn.qqmail.com/bizmail/zh_CN/htmledition/js_biz/qmtool7d9ff5.js, is invoked via document.write. The network request for this script MAY be blocked by the browser in this or a future page load due to poor network connectivity. If blocked in this page load, it will be confirmed in a subsequent console message. See https://www.chromestatus.com/feature/5718547946799104 for more details. @ https://exmail.qq.com/cgi-bin/frame_html?sid=MQhdT5P8m5M45Vc9,2&sign_type=&r=e10ba22737b4941c1593b8867dab72b6:155
[   17478ms] [WARNING] document.domain mutation is ignored because the surrounding agent cluster is origin-keyed. @ https://rescdn.qqmail.com/bizmail/zh_CN/htmledition/js_biz/all7e1bf3.js:0
[   17478ms] [ERROR] Permissions policy violation: unload is not allowed in this document. @ https://rescdn.qqmail.com/bizmail/zh_CN/htmledition/js_biz/all7e1bf3.js:0
[   17491ms] [WARNING] document.domain mutation is ignored because the surrounding agent cluster is origin-keyed. @ https://rescdn.qqmail.com/bizmail/zh_CN/htmledition/js_biz/qmtool7d9ff5.js:0
[   17493ms] [LOG] QMJsConlog load error @ https://rescdn.qqmail.com/bizmail/zh_CN/htmledition/js_biz/qmtool7d9ff5.js:0
[   17709ms] [LOG] [Risky function] global.js loaded! @ https://rescdn.qqmail.com/bizmail/zh_CN/htmledition/js_biz/global7fa051.js:0
[   17709ms] [LOG] [domain2.html] loaded: false, exmail.qq.com @ https://exmail.qq.com/cgi-bin/readtemplate?t=domain2&sid=MQhdT5P8m5M45Vc9,2&defcss=false&cbname=1&cbid=1:8
[   17709ms] [WARNING] document.domain mutation is ignored because the surrounding agent cluster is origin-keyed. @ https://exmail.qq.com/cgi-bin/readtemplate?t=domain2&sid=MQhdT5P8m5M45Vc9,2&defcss=false&cbname=1&cbid=1:10
[   17709ms] [LOG] [domain2] has id @ https://exmail.qq.com/cgi-bin/readtemplate?t=domain2&sid=MQhdT5P8m5M45Vc9,2&defcss=false&cbname=1&cbid=1:128
[   17710ms] [LOG] [domain2.html] iframe addEventListener load, callback: true @ https://exmail.qq.com/cgi-bin/readtemplate?t=domain2&sid=MQhdT5P8m5M45Vc9,2&defcss=false&cbname=1&cbid=1:102
[   17866ms] [LOG] [Risky function] global.js loaded! @ https://rescdn.qqmail.com/bizmail/zh_CN/htmledition/js_biz/global7fa051.js:0
[   17866ms] [WARNING] document.domain mutation is ignored because the surrounding agent cluster is origin-keyed. @ https://exmail.qq.com/cgi-bin/folderlist?sid=MQhdT5P8m5M45Vc9,2&scode=:10
[   18031ms] [LOG] [Risky function] global.js loaded! @ https://rescdn.qqmail.com/bizmail/zh_CN/htmledition/js_biz/global7fa051.js:0
[   18031ms] [WARNING] document.domain mutation is ignored because the surrounding agent cluster is origin-keyed. @ https://exmail.qq.com/cgi-bin/today?sid=MQhdT5P8m5M45Vc9,2&nocheckframe=true:10
[   18031ms] [ERROR] Permissions policy violation: unload is not allowed in this document. @ https://rescdn.qqmail.com/bizmail/zh_CN/htmledition/js_biz/all7e1bf3.js:0
[   18184ms] [LOG] [Risky function] global.js loaded! @ https://rescdn.qqmail.com/bizmail/zh_CN/htmledition/js_biz/global7fa051.js:0
[   18184ms] [LOG] [domain2.html] loaded: false, exmail.qq.com @ https://exmail.qq.com/cgi-bin/readtemplate?t=domain2&sid=MQhdT5P8m5M45Vc9,2&cbname=1&cbid=9:8
[   18184ms] [WARNING] document.domain mutation is ignored because the surrounding agent cluster is origin-keyed. @ https://exmail.qq.com/cgi-bin/readtemplate?t=domain2&sid=MQhdT5P8m5M45Vc9,2&cbname=1&cbid=9:10
[   18184ms] [LOG] [domain2] has id @ https://exmail.qq.com/cgi-bin/readtemplate?t=domain2&sid=MQhdT5P8m5M45Vc9,2&cbname=1&cbid=9:128
[   18403ms] [LOG] [domain2.html] iframe addEventListener load, callback: true @ https://exmail.qq.com/cgi-bin/readtemplate?t=domain2&sid=MQhdT5P8m5M45Vc9,2&cbname=1&cbid=9:102
[   21216ms] [WARNING] document.domain mutation is ignored because the surrounding agent cluster is origin-keyed. @ https://exmail.qq.com/zh_CN/htmledition/domain_admin.html?exmail.qq.com&v=110701:3
[   21407ms] [LOG] [Risky function] global.js loaded! @ https://rescdn.qqmail.com/bizmail/zh_CN/htmledition/js_biz/global7fa051.js:0
[   21407ms] [LOG] [domain2.html] loaded: false, exmail.qq.com @ https://exmail.qq.com/cgi-bin/readtemplate?t=domain2&sid=MQhdT5P8m5M45Vc9,2&cbname=1&cbid=3:8
[   21407ms] [WARNING] document.domain mutation is ignored because the surrounding agent cluster is origin-keyed. @ https://exmail.qq.com/cgi-bin/readtemplate?t=domain2&sid=MQhdT5P8m5M45Vc9,2&cbname=1&cbid=3:10
[   21408ms] [LOG] [domain2] has id @ https://exmail.qq.com/cgi-bin/readtemplate?t=domain2&sid=MQhdT5P8m5M45Vc9,2&cbname=1&cbid=3:128
[   21410ms] [LOG] [domain2.html] iframe addEventListener load, callback: true @ https://exmail.qq.com/cgi-bin/readtemplate?t=domain2&sid=MQhdT5P8m5M45Vc9,2&cbname=1&cbid=3:102
[   29173ms] [WARNING] document.domain mutation is ignored because the surrounding agent cluster is origin-keyed. @ https://exmail.qq.com/cgi-bin/mail_list?folderid=1&page=0&s=inbox:3
[   29174ms] [ERROR] Permissions policy violation: unload is not allowed in this document. @ https://rescdn.qqmail.com/bizmail/zh_CN/htmledition/js_biz/all7e1bf3.js:0
[   29174ms] [WARNING] document.domain mutation is ignored because the surrounding agent cluster is origin-keyed. @ https://rescdn.qqmail.com/bizmail/zh_CN/htmledition/js_biz/all7e1bf3.js:0
[   29363ms] [LOG] [Risky function] global.js loaded! @ https://rescdn.qqmail.com/bizmail/zh_CN/htmledition/js_biz/global7fa051.js:0
[   29366ms] [WARNING] document.domain mutation is ignored because the surrounding agent cluster is origin-keyed. @ https://rescdn.qqmail.com/bizmail/zh_CN/htmledition/js_biz/all7e1bf3.js:0
[   29372ms] [WARNING] A parser-blocking, cross site (i.e. different eTLD+1) script, https://rescdn.qqmail.com/bizmail/zh_CN/htmledition/js_biz/safeauth527dd7.js?0.4722337117104315, is invoked via document.write. The network request for this script MAY be blocked by the browser in this or a future page load due to poor network connectivity. If blocked in this page load, it will be confirmed in a subsequent console message. See https://www.chromestatus.com/feature/5718547946799104 for more details. @ https://rescdn.qqmail.com/bizmail/zh_CN/htmledition/js_biz/global7fa051.js:0
[   29452ms] [ERROR] Permissions policy violation: unload is not allowed in this document. @ https://exmail.qq.com/cgi-bin/loginpage?s=session_timeout&from=&r=0146b6a9f11d9c5d7f05a716efb398f5:55
[   29454ms] [WARNING] document.domain mutation is ignored because the surrounding agent cluster is origin-keyed. @ https://rescdn.qqmail.com/bizmail/zh_CN/htmledition/js_biz/newlogin/login7d7d35.js:0
[   29457ms] [VERBOSE] [DOM] Input elements should have autocomplete attributes (suggested: "current-password"): (More info: https://goo.gl/9p2vKq) %o @ https://exmail.qq.com/cgi-bin/loginpage?s=session_timeout&from=&r=0146b6a9f11d9c5d7f05a716efb398f5:0
[   29460ms] [ERROR] Connecting to 'https://www.google-analytics.com/j/collect?v=1&_v=j102&a=1187025338&t=pageview&_s=1&dl=https%3A%2F%2Fexmail.qq.com%2Fcgi-bin%2Floginpage%3Fs%3Dsession_timeout%26from%3D%26r%3D0146b6a9f11d9c5d7f05a716efb398f5&ul=zh-cn&dt=%E8%85%BE%E8%AE%AF%E4%BC%81%E4%B8%9A%E9%82%AE%E7%AE%B1-%E7%99%BB%E5%BD%95%E5%85%A5%E5%8F%A3&sr=1707x1067&vp=1036x905&_u=AACAAAABAAAAACAAI~&jid=&gjid=&cid=1475466543.1789547397&tid=UA-43277770-1&_gid=994094815.1789547397&_slc=1&z=103911668' violates the following Content Security Policy directive: "connect-src 'self' https://cube.weixinbridge.com https://report.url.cn https://rescdn.qqmail.com http://rescdn.qqmail.com". The action has been blocked. @ https://www.google-analytics.com/analytics.js:45
[   29479ms] [ERROR] Permissions policy violation: unload is not allowed in this document. @ https://rescdn.qqmail.com/node/qy/qymng/js/_$$_3rd/es5-shim.min$d2c7f6f1.js,3rd/promise$fe11979e.js,modules/jquery/jquery/1.11.3/jquery.min$3b410919.js:87
[   29485ms] [WARNING] document.domain mutation is ignored because the surrounding agent cluster is origin-keyed. @ https://exmail.qq.com/qy_mng_logic/wwlogin/login_qrcode?styleType=20230316&login_type=ww_login:971
[   29485ms] [WARNING] document.domain mutation is ignored because the surrounding agent cluster is origin-keyed. @ https://rescdn.qqmail.com/node/qy/qymng/js/wework_login/wework_login$9aca1e46.js:6
[   29493ms] [ERROR] Permissions policy violation: unload is not allowed in this document. @ https://rescdn.qqmail.com/node/qy/qymng/js/_$$_3rd/es5-shim.min$d2c7f6f1.js,3rd/promise$fe11979e.js,modules/jquery/jquery/1.11.3/jquery.min$3b410919.js:87
[   29497ms] [WARNING] document.domain mutation is ignored because the surrounding agent cluster is origin-keyed. @ https://exmail.qq.com/qy_mng_logic/wwlogin/login_qrcode?styleType=20230317&login_type=wx_login:971
[   29497ms] [WARNING] document.domain mutation is ignored because the surrounding agent cluster is origin-keyed. @ https://rescdn.qqmail.com/node/qy/qymng/js/wework_login/wework_login$9aca1e46.js:6
[   29540ms] [ERROR] Permissions policy violation: unload is not allowed in this document. @ https://hm.baidu.com/hm.js?bdfb0d7298c0c5a5a2475c291ac7aca2:1
[   29540ms] [ERROR] Permissions policy violation: unload is not allowed in this document. @ https://hm.baidu.com/hm.js?bdfb0d7298c0c5a5a2475c291ac7aca2:1
[   30217ms] [LOG] [Risky function] global.js loaded! @ https://rescdn.qqmail.com/bizmail/zh_CN/htmledition/js_biz/global7fa051.js:0
[   30217ms] [LOG] [domain2.html] loaded: false, exmail.qq.com @ https://exmail.qq.com/cgi-bin/readtemplate?t=domain2&cbname=1&cbid=9:4
[   30217ms] [WARNING] document.domain mutation is ignored because the surrounding agent cluster is origin-keyed. @ https://exmail.qq.com/cgi-bin/readtemplate?t=domain2&cbname=1&cbid=9:6
[   30217ms] [LOG] [domain2] has id @ https://exmail.qq.com/cgi-bin/readtemplate?t=domain2&cbname=1&cbid=9:124
[   30219ms] [ERROR] Executing inline event handler violates the following Content Security Policy directive 'script-src 'self' https://*.mail.qq.com https://*.weixin.qq.com https://*.qqmail.com http://*.mail.qq.com http://*.weixin.qq.com http://*.qqmail.com https://captcha.gtimg.com https://*.captcha.qq.com https://res.wx.qq.com 'nonce-1925513305''. Either the 'unsafe-inline' keyword, a hash ('sha256-...'), or a nonce ('nonce-...') is required to enable inline execution. Note that hashes do not apply to event handlers, style attributes and javascript: navigations unless the 'unsafe-hashes' keyword is present. The action has been blocked. @ https://exmail.qq.com/cgi-bin/loginpage?s=session_timeout&from=&r=0146b6a9f11d9c5d7f05a716efb398f5:0
[   30219ms] [LOG] [domain2.html] iframe addEventListener load, callback: true @ https://exmail.qq.com/cgi-bin/readtemplate?t=domain2&cbname=1&cbid=9:98
[   30219ms] [LOG] [domain2.html] do callback _creAteifRAmeoNlQAd_ callbackid iframe_distributeDomain_proxy_ @ https://exmail.qq.com/cgi-bin/readtemplate?t=domain2&cbname=1&cbid=9:112
